// Jest Snapshot v1, https://goo.gl/fbAQLP

exports[`<CustomSearchModal /> should render without crashing 1`] = `undefined`;
