// Jest Snapshot v1, https://goo.gl/fbAQLP

exports[`auth reducers should handle initial state 1`] = `
Object {
  "apiUri": "",
  "error": "",
  "jwt": "",
  "lookups": Array [],
  "menuPerm": Object {},
  "newDownload": undefined,
  "newUpdate": undefined,
  "parsedRoles": Array [],
  "password": "",
  "roles": "",
  "servicePerm": Object {},
  "updateMessage": "",
  "updateStatus": "",
  "username": "",
  "version": "",
}
`;
