// Jest Snapshot v1, https://goo.gl/fbAQLP

exports[`<NavbarItem /> should render without crashing 1`] = `
<NavbarItem>
  <div
    className="navbar-item"
  />
</NavbarItem>
`;
