// Jest Snapshot v1, https://goo.gl/fbAQLP

exports[`<NavbarLink /> should render without crashing 1`] = `
<NavbarLink>
  <div
    className="navbar-link"
  />
</NavbarLink>
`;
