// Jest Snapshot v1, https://goo.gl/fbAQLP

exports[`<ConfirmationModal /> should render without crashing 1`] = `
<Component
  formatMessage={[Function]}
>
  <Modal
    buttons={
      <UNDEFINED>
        <Button
          className="is-primary"
          id="newAction-btn"
          onClick={undefined}
          text="cancel"
        />
        <Button
          className="is-primary"
          id="newAction-btn"
          onClick={[Function]}
          text="Yes"
        />
      </UNDEFINED>
    }
    className="newAction-modal"
    title="confirm"
  >
    <div
      className="modal is-active newAction-modal"
      style={
        Object {
          "zIndex": "50",
        }
      }
    >
      <div
        className="modal-background"
      />
      <div
        className="modal-card"
      >
        <header
          className="modal-card-head"
        >
          <p
            className="modal-card-title"
          >
            confirm
          </p>
          <button
            aria-label="close"
            className="delete is-large"
            name="btn-modal-close"
          />
        </header>
        <section
          className="modal-card-body"
        />
        <footer
          className="modal-card-foot"
        >
          <Button
            className="is-primary"
            id="newAction-btn"
            text="cancel"
          >
            <button
              className="button is-primary"
              disabled={false}
              id="newAction-btn"
              style={Object {}}
              type="button"
            >
              <span>
                cancel
              </span>
            </button>
          </Button>
          <Button
            className="is-primary"
            id="newAction-btn"
            onClick={[Function]}
            text="Yes"
          >
            <button
              className="button is-primary"
              disabled={false}
              id="newAction-btn"
              onClick={[Function]}
              style={Object {}}
              type="button"
            >
              <span>
                Yes
              </span>
            </button>
          </Button>
        </footer>
      </div>
    </div>
  </Modal>
</Component>
`;
