// Jest Snapshot v1, https://goo.gl/fbAQLP

exports[`<Notification /> should render without crashing 1`] = `
<Notification>
  <div
    className="notification undefined"
    onClick={[Function]}
  >
    <button
      className="delete"
    />
  </div>
</Notification>
`;
