// Jest Snapshot v1, https://goo.gl/fbAQLP

exports[`<NotificationRoot /> should render without crashing 1`] = `
<Component>
  <span />
</Component>
`;
