// Jest Snapshot v1, https://goo.gl/fbAQLP

exports[`<Icon /> should render without crashing 1`] = `
<Icon>
  <span
    className="icon"
    disabled={false}
    onClick={[Function]}
    style={Object {}}
    title=""
  >
    <i
      className="fa fa-undefined"
    />
  </span>
</Icon>
`;
