// Jest Snapshot v1, https://goo.gl/fbAQLP

exports[`<RemoveJobModal /> should render without crashing 1`] = `
<Component
  formatMessage={
    [MockFunction] {
      "calls": Array [
        Array [
          Object {
            "id": "removeJob",
          },
        ],
        Array [
          Object {
            "id": "Are you sure you want to remove Job ID ",
          },
        ],
        Array [
          Object {
            "id": "cancel",
          },
        ],
        Array [
          Object {
            "id": "Yes",
          },
        ],
      ],
    }
  }
  requestHideModal={[MockFunction]}
  requestRemoveJob={[MockFunction]}
>
  <Modal
    buttons={
      <UNDEFINED>
        <Button
          id="removeJob-cancel-btn"
          onClick={[MockFunction]}
          text={undefined}
        />
        <Button
          className="is-primary"
          id="removeJob-btn"
          onClick={[Function]}
          text={undefined}
        />
      </UNDEFINED>
    }
    className="removeJob-modal"
    content={
      <UNDEFINED>
        <Title
          as="h1"
          is="6"
          text="NaN?"
        />
      </UNDEFINED>
    }
    requestHideModal={[MockFunction]}
  >
    <div
      className="modal is-active removeJob-modal"
      style={
        Object {
          "zIndex": "50",
        }
      }
    >
      <div
        className="modal-background"
      />
      <div
        className="modal-card"
      >
        <header
          className="modal-card-head"
        >
          <p
            className="modal-card-title"
          />
          <button
            aria-label="close"
            className="delete is-large"
            name="btn-modal-close"
            onClick={[MockFunction]}
          />
        </header>
        <section
          className="modal-card-body"
        >
          <Title
            as="h1"
            is="6"
            text="NaN?"
          >
            <h1
              className="title is-6"
            >
              NaN?
            </h1>
          </Title>
        </section>
        <footer
          className="modal-card-foot"
        >
          <Button
            id="removeJob-cancel-btn"
            onClick={[MockFunction]}
          >
            <button
              className="button"
              disabled={false}
              id="removeJob-cancel-btn"
              onClick={[MockFunction]}
              style={Object {}}
              type="button"
            />
          </Button>
          <Button
            className="is-primary"
            id="removeJob-btn"
            onClick={[Function]}
          >
            <button
              className="button is-primary"
              disabled={false}
              id="removeJob-btn"
              onClick={[Function]}
              style={Object {}}
              type="button"
            />
          </Button>
        </footer>
      </div>
    </div>
  </Modal>
</Component>
`;
