// Jest Snapshot v1, https://goo.gl/fbAQLP

exports[`<ShowLivescanProbeModal /> should render without crashing 1`] = `
<Component
  formatMessage={
    [MockFunction] {
      "calls": Array [
        Array [
          Object {
            "id": "close",
          },
        ],
      ],
    }
  }
  modalData={
    Object {
      "ProbeData": Object {
        "image": Object {
          "Base64Data": "xyzz",
        },
        "position": "RightThumb",
      },
      "jobType": "",
    }
  }
  requestHideModal={[MockFunction]}
>
  <Modal
    buttons={
      <UNDEFINED>
        <div
          className="footer-content"
        >
          <div
            className="right"
          >
            <Button
              className="is-primary"
              id="cancelBtn"
              onClick={[MockFunction]}
              text={undefined}
            />
          </div>
        </div>
      </UNDEFINED>
    }
    className="mugshot-modal"
    content={
      <UNDEFINED>
        <div
          className="mugshot-center"
        >
          <Image
            id="fingerImg"
            src="data:image/png;base64,xyzz"
          />
        </div>
      </UNDEFINED>
    }
    requestHideModal={[MockFunction]}
    title="RightThumb"
  >
    <div
      className="modal is-active mugshot-modal"
      style={
        Object {
          "zIndex": "50",
        }
      }
    >
      <div
        className="modal-background"
      />
      <div
        className="modal-card"
      >
        <header
          className="modal-card-head"
        >
          <p
            className="modal-card-title"
          >
            RightThumb
          </p>
          <button
            aria-label="close"
            className="delete is-large"
            name="btn-modal-close"
            onClick={[MockFunction]}
          />
        </header>
        <section
          className="modal-card-body"
        >
          <div
            className="mugshot-center"
          >
            <Image
              id="fingerImg"
              src="data:image/png;base64,xyzz"
            >
              <img
                className="img"
                id="fingerImg"
                src="data:image/png;base64,xyzz"
                style={Object {}}
              />
            </Image>
          </div>
        </section>
        <footer
          className="modal-card-foot"
        >
          <div
            className="footer-content"
          >
            <div
              className="right"
            >
              <Button
                className="is-primary"
                id="cancelBtn"
                onClick={[MockFunction]}
              >
                <button
                  className="button is-primary"
                  disabled={false}
                  id="cancelBtn"
                  onClick={[MockFunction]}
                  style={Object {}}
                  type="button"
                />
              </Button>
            </div>
          </div>
        </footer>
      </div>
    </div>
  </Modal>
</Component>
`;
