// Jest Snapshot v1, https://goo.gl/fbAQLP

exports[`<TenprintVerifyConfirmModal /> should render without crashing 1`] = `undefined`;
