// Jest Snapshot v1, https://goo.gl/fbAQLP

exports[`<findAllFingers /> should render without crashing 1`] = `undefined`;
