// Jest Snapshot v1, https://goo.gl/fbAQLP

exports[`<Label /> should render without crashing 1`] = `
<Label>
  <label
    className="label"
    htmlFor=""
    name=""
    style={Object {}}
  />
</Label>
`;
