// Jest Snapshot v1, https://goo.gl/fbAQLP

exports[`<Spinner /> should render without crashing 1`] = `
<Spinner>
  <div
    id="Spinner"
    style={
      Object {
        "zIndex": 50,
      }
    }
  >
    <div
      className="sk-fading-circle"
    >
      <div
        className="sk-circle1 sk-circle"
      />
      <div
        className="sk-circle2 sk-circle"
      />
      <div
        className="sk-circle3 sk-circle"
      />
      <div
        className="sk-circle4 sk-circle"
      />
      <div
        className="sk-circle5 sk-circle"
      />
      <div
        className="sk-circle6 sk-circle"
      />
      <div
        className="sk-circle7 sk-circle"
      />
      <div
        className="sk-circle8 sk-circle"
      />
      <div
        className="sk-circle9 sk-circle"
      />
      <div
        className="sk-circle10 sk-circle"
      />
      <div
        className="sk-circle11 sk-circle"
      />
      <div
        className="sk-circle12 sk-circle"
      />
    </div>
  </div>
</Spinner>
`;
