// Jest Snapshot v1, https://goo.gl/fbAQLP

exports[`<Button /> should render without crashing 1`] = `
<Button>
  <button
    className="button"
    disabled={false}
    style={Object {}}
    type="button"
  />
</Button>
`;
